[js-786-assignments.netlify.app/index.html]
[backblue.gif]
[fade.gif]
[index.html]
[js-786-assignments.netlify.app/assests/img/favicon.png]
[js-786-assignments.netlify.app/style.css]
[cdnjs.cloudflare.com/ajax/libs/font-awesome/6.1.1/css/all.min.css]
[js-786-assignments.netlify.app/assests/img/task5.png]
[js-786-assignments.netlify.app/salt-peper-website/index.html]
[js-786-assignments.netlify.app/assests/img/q1.png]
[js-786-assignments.netlify.app/assests/img/q2.png]
[js-786-assignments.netlify.app/assests/img/4-1.png]
[js-786-assignments.netlify.app/assests/img/4-2.png]
[js-786-assignments.netlify.app/index.html]
[js-786-assignments.netlify.app/app.js]
[js-786-assignments.netlify.app/assests/fonts/Poppins-Medium.ttf]
[js-786-assignments.netlify.app/assests/fonts/Poppins-Regular.ttf]
[js-786-assignments.netlify.app/assests/fonts/Poppins-SemiBold.ttf]
[js-786-assignments.netlify.app/style.css]
[cdnjs.cloudflare.com/ajax/libs/font-awesome/6.1.1/css/all.min.css]
[js-786-assignments.netlify.app/salt-peper-website/style.css]
[cdnjs.cloudflare.com/ajax/libs/font-awesome/4.7.0/css/font-awesome.min.css]
[js-786-assignments.netlify.app/salt-peper-website/assests/img/saltnpepper-restaurant_Logo.png]
[js-786-assignments.netlify.app/salt-peper-website/assests/img/salt-n-pepper-white-text.png]
[js-786-assignments.netlify.app/salt-peper-website/assests/img/s1.png]
[js-786-assignments.netlify.app/salt-peper-website/assests/img/s2.png]
[js-786-assignments.netlify.app/salt-peper-website/assests/img/s3.png]
[js-786-assignments.netlify.app/salt-peper-website/assests/img/lines.png]
[js-786-assignments.netlify.app/salt-peper-website/assests/img/Get-it-on-Google-Play.png]
[js-786-assignments.netlify.app/salt-peper-website/assests/img/Download-on-the-App-Store.png]
[js-786-assignments.netlify.app/salt-peper-website/index.html]
[js-786-assignments.netlify.app/salt-peper-website/assests/fonts/josefin-sans-new/JosefinSans-Light.ttf]
[js-786-assignments.netlify.app/salt-peper-website/assests/fonts/josefin-sans-new/JosefinSans-Thin.ttf]
[js-786-assignments.netlify.app/salt-peper-website/assests/fonts/josefin-sans-new/JosefinSans-Regular.ttf]
[js-786-assignments.netlify.app/salt-peper-website/assests/fonts/josefin-sans-new/JosefinSans-SemiBold.ttf]
[js-786-assignments.netlify.app/salt-peper-website/assests/fonts/philosopher-new/Philosopher-Bold.ttf]
[js-786-assignments.netlify.app/salt-peper-website/assests/fonts/philosopher-new/Philosopher-Italic.ttf]
[js-786-assignments.netlify.app/salt-peper-website/assests/fonts/philosopher-new/Philosopher-Regular.ttf]
[js-786-assignments.netlify.app/salt-peper-website/assests/fonts/Dosis/Dosis-Medium.ttf]
[js-786-assignments.netlify.app/salt-peper-website/assests/fonts/Dosis/Dosis-Light.ttf]
[js-786-assignments.netlify.app/salt-peper-website/assests/fonts/gilda-display/GildaDisplay-Regular.ttf]
[js-786-assignments.netlify.app/salt-peper-website/assests/img/saltnpepper-village-home.png]
[js-786-assignments.netlify.app/salt-peper-website/assests/img/isb.png]
[js-786-assignments.netlify.app/salt-peper-website/assests/img/faislabad.png]
[js-786-assignments.netlify.app/salt-peper-website/assests/img/bhawlpur.png]
[js-786-assignments.netlify.app/salt-peper-website/assests/img/n2.png]
[js-786-assignments.netlify.app/salt-peper-website/assests/img/n1.png]
[js-786-assignments.netlify.app/salt-peper-website/assests/img/n3.png]
[js-786-assignments.netlify.app/salt-peper-website/style.css]
[cdnjs.cloudflare.com/ajax/libs/font-awesome/4.7.0/css/font-awesome.min.css]
